// Jest Snapshot v1, https://goo.gl/fbAQLP

exports[`Footer component it should match the snapshot 1`] = `
ShallowWrapper {
  Symbol(enzyme.__root__): [Circular],
  Symbol(enzyme.__unrendered__): <Footer />,
  Symbol(enzyme.__renderer__): Object {
    "batchedUpdates": [Function],
    "getNode": [Function],
    "render": [Function],
    "simulateError": [Function],
    "simulateEvent": [Function],
    "unmount": [Function],
  },
  Symbol(enzyme.__node__): Object {
    "instance": null,
    "key": undefined,
    "nodeType": "host",
    "props": Object {
      "children": Array [
        <NavLink
          activeClassName="active"
          aria-current="page"
          className="nav-link"
          exact={true}
          to="/home"
>
          <p>
                    <i
                              className="fas fa-home"
                    />
          </p>
</NavLink>,
        <NavLink
          activeClassName="active"
          aria-current="page"
          className="nav-link"
          exact={true}
          to="/hotspots"
>
          <p>
                    <i
                              className="fas fa-map-marked-alt"
                    />
          </p>
</NavLink>,
        <NavLink
          activeClassName="active"
          aria-current="page"
          className="nav-link"
          exact={true}
          to="/logout"
>
          <p>
                    <i
                              className="fas fa-sign-out-alt"
                    />
          </p>
</NavLink>,
      ],
      "className": "footer",
    },
    "ref": null,
    "rendered": Array [
      Object {
        "instance": null,
        "key": undefined,
        "nodeType": "function",
        "props": Object {
          "activeClassName": "active",
          "aria-current": "page",
          "children": <p>
            <i
                        className="fas fa-home"
            />
</p>,
          "className": "nav-link",
          "exact": true,
          "to": "/home",
        },
        "ref": null,
        "rendered": Object {
          "instance": null,
          "key": undefined,
          "nodeType": "host",
          "props": Object {
            "children": <i
              className="fas fa-home"
/>,
          },
          "ref": null,
          "rendered": Object {
            "instance": null,
            "key": undefined,
            "nodeType": "host",
            "props": Object {
              "className": "fas fa-home",
            },
            "ref": null,
            "rendered": null,
            "type": "i",
          },
          "type": "p",
        },
        "type": [Function],
      },
      Object {
        "instance": null,
        "key": undefined,
        "nodeType": "function",
        "props": Object {
          "activeClassName": "active",
          "aria-current": "page",
          "children": <p>
            <i
                        className="fas fa-map-marked-alt"
            />
</p>,
          "className": "nav-link",
          "exact": true,
          "to": "/hotspots",
        },
        "ref": null,
        "rendered": Object {
          "instance": null,
          "key": undefined,
          "nodeType": "host",
          "props": Object {
            "children": <i
              className="fas fa-map-marked-alt"
/>,
          },
          "ref": null,
          "rendered": Object {
            "instance": null,
            "key": undefined,
            "nodeType": "host",
            "props": Object {
              "className": "fas fa-map-marked-alt",
            },
            "ref": null,
            "rendered": null,
            "type": "i",
          },
          "type": "p",
        },
        "type": [Function],
      },
      Object {
        "instance": null,
        "key": undefined,
        "nodeType": "function",
        "props": Object {
          "activeClassName": "active",
          "aria-current": "page",
          "children": <p>
            <i
                        className="fas fa-sign-out-alt"
            />
</p>,
          "className": "nav-link",
          "exact": true,
          "to": "/logout",
        },
        "ref": null,
        "rendered": Object {
          "instance": null,
          "key": undefined,
          "nodeType": "host",
          "props": Object {
            "children": <i
              className="fas fa-sign-out-alt"
/>,
          },
          "ref": null,
          "rendered": Object {
            "instance": null,
            "key": undefined,
            "nodeType": "host",
            "props": Object {
              "className": "fas fa-sign-out-alt",
            },
            "ref": null,
            "rendered": null,
            "type": "i",
          },
          "type": "p",
        },
        "type": [Function],
      },
    ],
    "type": "footer",
  },
  Symbol(enzyme.__nodes__): Array [
    Object {
      "instance": null,
      "key": undefined,
      "nodeType": "host",
      "props": Object {
        "children": Array [
          <NavLink
            activeClassName="active"
            aria-current="page"
            className="nav-link"
            exact={true}
            to="/home"
>
            <p>
                        <i
                                    className="fas fa-home"
                        />
            </p>
</NavLink>,
          <NavLink
            activeClassName="active"
            aria-current="page"
            className="nav-link"
            exact={true}
            to="/hotspots"
>
            <p>
                        <i
                                    className="fas fa-map-marked-alt"
                        />
            </p>
</NavLink>,
          <NavLink
            activeClassName="active"
            aria-current="page"
            className="nav-link"
            exact={true}
            to="/logout"
>
            <p>
                        <i
                                    className="fas fa-sign-out-alt"
                        />
            </p>
</NavLink>,
        ],
        "className": "footer",
      },
      "ref": null,
      "rendered": Array [
        Object {
          "instance": null,
          "key": undefined,
          "nodeType": "function",
          "props": Object {
            "activeClassName": "active",
            "aria-current": "page",
            "children": <p>
              <i
                            className="fas fa-home"
              />
</p>,
            "className": "nav-link",
            "exact": true,
            "to": "/home",
          },
          "ref": null,
          "rendered": Object {
            "instance": null,
            "key": undefined,
            "nodeType": "host",
            "props": Object {
              "children": <i
                className="fas fa-home"
/>,
            },
            "ref": null,
            "rendered": Object {
              "instance": null,
              "key": undefined,
              "nodeType": "host",
              "props": Object {
                "className": "fas fa-home",
              },
              "ref": null,
              "rendered": null,
              "type": "i",
            },
            "type": "p",
          },
          "type": [Function],
        },
        Object {
          "instance": null,
          "key": undefined,
          "nodeType": "function",
          "props": Object {
            "activeClassName": "active",
            "aria-current": "page",
            "children": <p>
              <i
                            className="fas fa-map-marked-alt"
              />
</p>,
            "className": "nav-link",
            "exact": true,
            "to": "/hotspots",
          },
          "ref": null,
          "rendered": Object {
            "instance": null,
            "key": undefined,
            "nodeType": "host",
            "props": Object {
              "children": <i
                className="fas fa-map-marked-alt"
/>,
            },
            "ref": null,
            "rendered": Object {
              "instance": null,
              "key": undefined,
              "nodeType": "host",
              "props": Object {
                "className": "fas fa-map-marked-alt",
              },
              "ref": null,
              "rendered": null,
              "type": "i",
            },
            "type": "p",
          },
          "type": [Function],
        },
        Object {
          "instance": null,
          "key": undefined,
          "nodeType": "function",
          "props": Object {
            "activeClassName": "active",
            "aria-current": "page",
            "children": <p>
              <i
                            className="fas fa-sign-out-alt"
              />
</p>,
            "className": "nav-link",
            "exact": true,
            "to": "/logout",
          },
          "ref": null,
          "rendered": Object {
            "instance": null,
            "key": undefined,
            "nodeType": "host",
            "props": Object {
              "children": <i
                className="fas fa-sign-out-alt"
/>,
            },
            "ref": null,
            "rendered": Object {
              "instance": null,
              "key": undefined,
              "nodeType": "host",
              "props": Object {
                "className": "fas fa-sign-out-alt",
              },
              "ref": null,
              "rendered": null,
              "type": "i",
            },
            "type": "p",
          },
          "type": [Function],
        },
      ],
      "type": "footer",
    },
  ],
  Symbol(enzyme.__options__): Object {
    "adapter": ReactSixteenAdapter {
      "options": Object {
        "enableComponentDidUpdateOnSetState": true,
        "lifecycles": Object {
          "componentDidUpdate": Object {
            "onSetState": true,
          },
          "getDerivedStateFromProps": true,
          "getSnapshotBeforeUpdate": true,
          "setState": Object {
            "skipsComponentDidUpdateOnNullish": true,
          },
        },
      },
    },
  },
}
`;
