// Jest Snapshot v1, https://goo.gl/fbAQLP

exports[`Home component shuould match the snapshot 1`] = `
ShallowWrapper {
  Symbol(enzyme.__root__): [Circular],
  Symbol(enzyme.__unrendered__): <Home
    setCurrentUser={[Function]}
/>,
  Symbol(enzyme.__renderer__): Object {
    "batchedUpdates": [Function],
    "getNode": [Function],
    "render": [Function],
    "simulateEvent": [Function],
    "unmount": [Function],
  },
  Symbol(enzyme.__node__): Object {
    "instance": null,
    "key": undefined,
    "nodeType": "host",
    "props": Object {
      "children": Array [
        <withRouter()
          currentPage={
                    <p>
                              <i
                                        className="fas fa-home"
                              />
                               Home
                    </p>
          }
/>,
        <main
          className="main-content"
>
          <NavLink
                    activeClassName="active"
                    aria-current="page"
                    className="nav-link"
                    to="/hotspots"
          >
                    <i
                              className="fas fa-map-marked-alt"
                    />
                     Nearby Hotspots
          </NavLink>
          <NavLink
                    activeClassName="active"
                    aria-current="page"
                    className="nav-link"
                    to="/leaderboard"
          >
                    <i
                              className="fas fa-trophy"
                    />
                     Leaderboard
          </NavLink>
</main>,
      ],
      "className": "home",
    },
    "ref": null,
    "rendered": Array [
      Object {
        "instance": null,
        "key": undefined,
        "nodeType": "function",
        "props": Object {
          "currentPage": <p>
            <i
                        className="fas fa-home"
            />
             Home
</p>,
        },
        "ref": null,
        "rendered": null,
        "type": [Function],
      },
      Object {
        "instance": null,
        "key": undefined,
        "nodeType": "host",
        "props": Object {
          "children": Array [
            <NavLink
              activeClassName="active"
              aria-current="page"
              className="nav-link"
              to="/hotspots"
>
              <i
                            className="fas fa-map-marked-alt"
              />
               Nearby Hotspots
</NavLink>,
            <NavLink
              activeClassName="active"
              aria-current="page"
              className="nav-link"
              to="/leaderboard"
>
              <i
                            className="fas fa-trophy"
              />
               Leaderboard
</NavLink>,
          ],
          "className": "main-content",
        },
        "ref": null,
        "rendered": Array [
          Object {
            "instance": null,
            "key": undefined,
            "nodeType": "function",
            "props": Object {
              "activeClassName": "active",
              "aria-current": "page",
              "children": Array [
                <i
                  className="fas fa-map-marked-alt"
/>,
                " Nearby Hotspots",
              ],
              "className": "nav-link",
              "to": "/hotspots",
            },
            "ref": null,
            "rendered": Array [
              Object {
                "instance": null,
                "key": undefined,
                "nodeType": "host",
                "props": Object {
                  "className": "fas fa-map-marked-alt",
                },
                "ref": null,
                "rendered": null,
                "type": "i",
              },
              " Nearby Hotspots",
            ],
            "type": [Function],
          },
          Object {
            "instance": null,
            "key": undefined,
            "nodeType": "function",
            "props": Object {
              "activeClassName": "active",
              "aria-current": "page",
              "children": Array [
                <i
                  className="fas fa-trophy"
/>,
                " Leaderboard",
              ],
              "className": "nav-link",
              "to": "/leaderboard",
            },
            "ref": null,
            "rendered": Array [
              Object {
                "instance": null,
                "key": undefined,
                "nodeType": "host",
                "props": Object {
                  "className": "fas fa-trophy",
                },
                "ref": null,
                "rendered": null,
                "type": "i",
              },
              " Leaderboard",
            ],
            "type": [Function],
          },
        ],
        "type": "main",
      },
    ],
    "type": "div",
  },
  Symbol(enzyme.__nodes__): Array [
    Object {
      "instance": null,
      "key": undefined,
      "nodeType": "host",
      "props": Object {
        "children": Array [
          <withRouter()
            currentPage={
                        <p>
                                    <i
                                                className="fas fa-home"
                                    />
                                     Home
                        </p>
            }
/>,
          <main
            className="main-content"
>
            <NavLink
                        activeClassName="active"
                        aria-current="page"
                        className="nav-link"
                        to="/hotspots"
            >
                        <i
                                    className="fas fa-map-marked-alt"
                        />
                         Nearby Hotspots
            </NavLink>
            <NavLink
                        activeClassName="active"
                        aria-current="page"
                        className="nav-link"
                        to="/leaderboard"
            >
                        <i
                                    className="fas fa-trophy"
                        />
                         Leaderboard
            </NavLink>
</main>,
        ],
        "className": "home",
      },
      "ref": null,
      "rendered": Array [
        Object {
          "instance": null,
          "key": undefined,
          "nodeType": "function",
          "props": Object {
            "currentPage": <p>
              <i
                            className="fas fa-home"
              />
               Home
</p>,
          },
          "ref": null,
          "rendered": null,
          "type": [Function],
        },
        Object {
          "instance": null,
          "key": undefined,
          "nodeType": "host",
          "props": Object {
            "children": Array [
              <NavLink
                activeClassName="active"
                aria-current="page"
                className="nav-link"
                to="/hotspots"
>
                <i
                                className="fas fa-map-marked-alt"
                />
                 Nearby Hotspots
</NavLink>,
              <NavLink
                activeClassName="active"
                aria-current="page"
                className="nav-link"
                to="/leaderboard"
>
                <i
                                className="fas fa-trophy"
                />
                 Leaderboard
</NavLink>,
            ],
            "className": "main-content",
          },
          "ref": null,
          "rendered": Array [
            Object {
              "instance": null,
              "key": undefined,
              "nodeType": "function",
              "props": Object {
                "activeClassName": "active",
                "aria-current": "page",
                "children": Array [
                  <i
                    className="fas fa-map-marked-alt"
/>,
                  " Nearby Hotspots",
                ],
                "className": "nav-link",
                "to": "/hotspots",
              },
              "ref": null,
              "rendered": Array [
                Object {
                  "instance": null,
                  "key": undefined,
                  "nodeType": "host",
                  "props": Object {
                    "className": "fas fa-map-marked-alt",
                  },
                  "ref": null,
                  "rendered": null,
                  "type": "i",
                },
                " Nearby Hotspots",
              ],
              "type": [Function],
            },
            Object {
              "instance": null,
              "key": undefined,
              "nodeType": "function",
              "props": Object {
                "activeClassName": "active",
                "aria-current": "page",
                "children": Array [
                  <i
                    className="fas fa-trophy"
/>,
                  " Leaderboard",
                ],
                "className": "nav-link",
                "to": "/leaderboard",
              },
              "ref": null,
              "rendered": Array [
                Object {
                  "instance": null,
                  "key": undefined,
                  "nodeType": "host",
                  "props": Object {
                    "className": "fas fa-trophy",
                  },
                  "ref": null,
                  "rendered": null,
                  "type": "i",
                },
                " Leaderboard",
              ],
              "type": [Function],
            },
          ],
          "type": "main",
        },
      ],
      "type": "div",
    },
  ],
  Symbol(enzyme.__options__): Object {
    "adapter": ReactSixteenAdapter {
      "options": Object {
        "enableComponentDidUpdateOnSetState": true,
        "lifecycles": Object {
          "componentDidUpdate": Object {
            "onSetState": true,
          },
          "getDerivedStateFromProps": true,
          "getSnapshotBeforeUpdate": true,
          "setState": Object {
            "skipsComponentDidUpdateOnNullish": true,
          },
        },
      },
    },
    "attachTo": undefined,
    "hydrateIn": undefined,
  },
}
`;
