// Jest Snapshot v1, https://goo.gl/fbAQLP

exports[`Routes component should match the snapshot 1`] = `
ShallowWrapper {
  Symbol(enzyme.__root__): [Circular],
  Symbol(enzyme.__unrendered__): <Routes />,
  Symbol(enzyme.__renderer__): Object {
    "batchedUpdates": [Function],
    "getNode": [Function],
    "render": [Function],
    "simulateEvent": [Function],
    "unmount": [Function],
  },
  Symbol(enzyme.__node__): Object {
    "instance": null,
    "key": undefined,
    "nodeType": "class",
    "props": Object {
      "children": <Unknown>
        <Route
                component={[Function]}
                path="/home"
        />
        <Route
                component={[Function]}
                exact={true}
                path="/hotspots"
        />
        <Route
                component={[Function]}
                exact={true}
                path="/leaderboard"
        />
        <Route
                exact={true}
                path="/"
                render={[Function]}
        />
        <Route
                exact={true}
                path="/hotspots/:location_id"
                render={[Function]}
        />
        <Route
                exact={true}
                path="/hotspots/:location_id/:speciesCode"
                render={[Function]}
        />
        <Route
                component={[Function]}
                exact={true}
                path="/tweet"
        />
        <Route
                exact={true}
                path="/logout"
                render={[Function]}
        />
        <Route
                component={[Function]}
                exact={true}
                path="/myhotspots"
        />
</Unknown>,
    },
    "ref": null,
    "rendered": Object {
      "instance": null,
      "key": undefined,
      "nodeType": "function",
      "props": Object {
        "children": Array [
          <Route
            component={[Function]}
            path="/home"
/>,
          <Route
            component={[Function]}
            exact={true}
            path="/hotspots"
/>,
          <Route
            component={[Function]}
            exact={true}
            path="/leaderboard"
/>,
          <Route
            exact={true}
            path="/"
            render={[Function]}
/>,
          <Route
            exact={true}
            path="/hotspots/:location_id"
            render={[Function]}
/>,
          <Route
            exact={true}
            path="/hotspots/:location_id/:speciesCode"
            render={[Function]}
/>,
          <Route
            component={[Function]}
            exact={true}
            path="/tweet"
/>,
          <Route
            exact={true}
            path="/logout"
            render={[Function]}
/>,
          undefined,
          <Route
            component={[Function]}
            exact={true}
            path="/myhotspots"
/>,
        ],
      },
      "ref": null,
      "rendered": Array [
        Object {
          "instance": null,
          "key": undefined,
          "nodeType": "class",
          "props": Object {
            "component": [Function],
            "path": "/home",
          },
          "ref": null,
          "rendered": null,
          "type": [Function],
        },
        Object {
          "instance": null,
          "key": undefined,
          "nodeType": "class",
          "props": Object {
            "component": [Function],
            "exact": true,
            "path": "/hotspots",
          },
          "ref": null,
          "rendered": null,
          "type": [Function],
        },
        Object {
          "instance": null,
          "key": undefined,
          "nodeType": "class",
          "props": Object {
            "component": [Function],
            "exact": true,
            "path": "/leaderboard",
          },
          "ref": null,
          "rendered": null,
          "type": [Function],
        },
        Object {
          "instance": null,
          "key": undefined,
          "nodeType": "class",
          "props": Object {
            "exact": true,
            "path": "/",
            "render": [Function],
          },
          "ref": null,
          "rendered": null,
          "type": [Function],
        },
        Object {
          "instance": null,
          "key": undefined,
          "nodeType": "class",
          "props": Object {
            "exact": true,
            "path": "/hotspots/:location_id",
            "render": [Function],
          },
          "ref": null,
          "rendered": null,
          "type": [Function],
        },
        Object {
          "instance": null,
          "key": undefined,
          "nodeType": "class",
          "props": Object {
            "exact": true,
            "path": "/hotspots/:location_id/:speciesCode",
            "render": [Function],
          },
          "ref": null,
          "rendered": null,
          "type": [Function],
        },
        Object {
          "instance": null,
          "key": undefined,
          "nodeType": "class",
          "props": Object {
            "component": [Function],
            "exact": true,
            "path": "/tweet",
          },
          "ref": null,
          "rendered": null,
          "type": [Function],
        },
        Object {
          "instance": null,
          "key": undefined,
          "nodeType": "class",
          "props": Object {
            "exact": true,
            "path": "/logout",
            "render": [Function],
          },
          "ref": null,
          "rendered": null,
          "type": [Function],
        },
        undefined,
        Object {
          "instance": null,
          "key": undefined,
          "nodeType": "class",
          "props": Object {
            "component": [Function],
            "exact": true,
            "path": "/myhotspots",
          },
          "ref": null,
          "rendered": null,
          "type": [Function],
        },
      ],
      "type": Symbol(react.fragment),
    },
    "type": [Function],
  },
  Symbol(enzyme.__nodes__): Array [
    Object {
      "instance": null,
      "key": undefined,
      "nodeType": "class",
      "props": Object {
        "children": <Unknown>
          <Route
                    component={[Function]}
                    path="/home"
          />
          <Route
                    component={[Function]}
                    exact={true}
                    path="/hotspots"
          />
          <Route
                    component={[Function]}
                    exact={true}
                    path="/leaderboard"
          />
          <Route
                    exact={true}
                    path="/"
                    render={[Function]}
          />
          <Route
                    exact={true}
                    path="/hotspots/:location_id"
                    render={[Function]}
          />
          <Route
                    exact={true}
                    path="/hotspots/:location_id/:speciesCode"
                    render={[Function]}
          />
          <Route
                    component={[Function]}
                    exact={true}
                    path="/tweet"
          />
          <Route
                    exact={true}
                    path="/logout"
                    render={[Function]}
          />
          <Route
                    component={[Function]}
                    exact={true}
                    path="/myhotspots"
          />
</Unknown>,
      },
      "ref": null,
      "rendered": Object {
        "instance": null,
        "key": undefined,
        "nodeType": "function",
        "props": Object {
          "children": Array [
            <Route
              component={[Function]}
              path="/home"
/>,
            <Route
              component={[Function]}
              exact={true}
              path="/hotspots"
/>,
            <Route
              component={[Function]}
              exact={true}
              path="/leaderboard"
/>,
            <Route
              exact={true}
              path="/"
              render={[Function]}
/>,
            <Route
              exact={true}
              path="/hotspots/:location_id"
              render={[Function]}
/>,
            <Route
              exact={true}
              path="/hotspots/:location_id/:speciesCode"
              render={[Function]}
/>,
            <Route
              component={[Function]}
              exact={true}
              path="/tweet"
/>,
            <Route
              exact={true}
              path="/logout"
              render={[Function]}
/>,
            undefined,
            <Route
              component={[Function]}
              exact={true}
              path="/myhotspots"
/>,
          ],
        },
        "ref": null,
        "rendered": Array [
          Object {
            "instance": null,
            "key": undefined,
            "nodeType": "class",
            "props": Object {
              "component": [Function],
              "path": "/home",
            },
            "ref": null,
            "rendered": null,
            "type": [Function],
          },
          Object {
            "instance": null,
            "key": undefined,
            "nodeType": "class",
            "props": Object {
              "component": [Function],
              "exact": true,
              "path": "/hotspots",
            },
            "ref": null,
            "rendered": null,
            "type": [Function],
          },
          Object {
            "instance": null,
            "key": undefined,
            "nodeType": "class",
            "props": Object {
              "component": [Function],
              "exact": true,
              "path": "/leaderboard",
            },
            "ref": null,
            "rendered": null,
            "type": [Function],
          },
          Object {
            "instance": null,
            "key": undefined,
            "nodeType": "class",
            "props": Object {
              "exact": true,
              "path": "/",
              "render": [Function],
            },
            "ref": null,
            "rendered": null,
            "type": [Function],
          },
          Object {
            "instance": null,
            "key": undefined,
            "nodeType": "class",
            "props": Object {
              "exact": true,
              "path": "/hotspots/:location_id",
              "render": [Function],
            },
            "ref": null,
            "rendered": null,
            "type": [Function],
          },
          Object {
            "instance": null,
            "key": undefined,
            "nodeType": "class",
            "props": Object {
              "exact": true,
              "path": "/hotspots/:location_id/:speciesCode",
              "render": [Function],
            },
            "ref": null,
            "rendered": null,
            "type": [Function],
          },
          Object {
            "instance": null,
            "key": undefined,
            "nodeType": "class",
            "props": Object {
              "component": [Function],
              "exact": true,
              "path": "/tweet",
            },
            "ref": null,
            "rendered": null,
            "type": [Function],
          },
          Object {
            "instance": null,
            "key": undefined,
            "nodeType": "class",
            "props": Object {
              "exact": true,
              "path": "/logout",
              "render": [Function],
            },
            "ref": null,
            "rendered": null,
            "type": [Function],
          },
          undefined,
          Object {
            "instance": null,
            "key": undefined,
            "nodeType": "class",
            "props": Object {
              "component": [Function],
              "exact": true,
              "path": "/myhotspots",
            },
            "ref": null,
            "rendered": null,
            "type": [Function],
          },
        ],
        "type": Symbol(react.fragment),
      },
      "type": [Function],
    },
  ],
  Symbol(enzyme.__options__): Object {
    "adapter": ReactSixteenAdapter {
      "options": Object {
        "enableComponentDidUpdateOnSetState": true,
        "lifecycles": Object {
          "componentDidUpdate": Object {
            "onSetState": true,
          },
          "getDerivedStateFromProps": true,
          "getSnapshotBeforeUpdate": true,
          "setState": Object {
            "skipsComponentDidUpdateOnNullish": true,
          },
        },
      },
    },
    "attachTo": undefined,
    "hydrateIn": undefined,
  },
}
`;
