// Jest Snapshot v1, https://goo.gl/fbAQLP

exports[`App component matches the snapshot 1`] = `"<div class=\\"App\\"><main><div class=\\"home\\"><nav><a href=\\"/hotspots\\">Nearby Hotspots</a><a href=\\"/leaderboard\\">Leaderboard</a></nav><main></main></div></main></div>"`;
